python : Traceback (most recent call last):
Au caractère Ligne:1 : 1
+ python main.py > error_log.txt 2>&1
+ ~~~~~~~~~~~~~~~~~~~~~~~~~~~~~~~~~~~
    + CategoryInfo          : NotSpecified: (Traceback (most recent call last 
   )::String) [], RemoteException
    + FullyQualifiedErrorId : NativeCommandError
 
  File "C:\Users\GIGABYTE\Desktop\pff\backend\main.py", line 1, in <module>
    from fastapi import FastAPI, HTTPException, Depends, status
  File "C:\Users\GIGABYTE\AppData\Local\Programs\Python\Python313\Lib\site-pac
kages\fastapi\__init__.py", line 7, in <module>
    from .applications import FastAPI as FastAPI
  File "C:\Users\GIGABYTE\AppData\Local\Programs\Python\Python313\Lib\site-pac
kages\fastapi\applications.py", line 16, in <module>
    from fastapi import routing
  File "C:\Users\GIGABYTE\AppData\Local\Programs\Python\Python313\Lib\site-pac
kages\fastapi\routing.py", line 24, in <module>
    from fastapi.dependencies.models import Dependant
  File "C:\Users\GIGABYTE\AppData\Local\Programs\Python\Python313\Lib\site-pac
kages\fastapi\dependencies\models.py", line 3, in <module>
    from fastapi.security.base import SecurityBase
  File "C:\Users\GIGABYTE\AppData\Local\Programs\Python\Python313\Lib\site-pac
kages\fastapi\security\__init__.py", line 1, in <module>
    from .api_key import APIKeyCookie as APIKeyCookie
  File "C:\Users\GIGABYTE\AppData\Local\Programs\Python\Python313\Lib\site-pac
kages\fastapi\security\api_key.py", line 3, in <module>
    from fastapi.openapi.models import APIKey, APIKeyIn
  File "C:\Users\GIGABYTE\AppData\Local\Programs\Python\Python313\Lib\site-pac
kages\fastapi\openapi\models.py", line 103, in <module>
    class Schema(BaseModel):
    ...<38 lines>...
            extra: str = "allow"
  File "C:\Users\GIGABYTE\AppData\Local\Programs\Python\Python313\Lib\site-pac
kages\pydantic\main.py", line 286, in __new__
    cls.__try_update_forward_refs__()
    ~~~~~~~~~~~~~~~~~~~~~~~~~~~~~~~^^
  File "C:\Users\GIGABYTE\AppData\Local\Programs\Python\Python313\Lib\site-pac
kages\pydantic\main.py", line 808, in __try_update_forward_refs__
    update_model_forward_refs(cls, cls.__fields__.values(), 
cls.__config__.json_encoders, localns, (NameError,))
    ~~~~~~~~~~~~~~~~~~~~~~~~~^^^^^^^^^^^^^^^^^^^^^^^^^^^^^^^^^^^^^^^^^^^^^^^^^
^^^^^^^^^^^^^^^^^^^^^^^^^^^^^^^^^^
  File "C:\Users\GIGABYTE\AppData\Local\Programs\Python\Python313\Lib\site-pac
kages\pydantic\typing.py", line 562, in update_model_forward_refs
    update_field_forward_refs(f, globalns=globalns, localns=localns)
    ~~~~~~~~~~~~~~~~~~~~~~~~~^^^^^^^^^^^^^^^^^^^^^^^^^^^^^^^^^^^^^^^
  File "C:\Users\GIGABYTE\AppData\Local\Programs\Python\Python313\Lib\site-pac
kages\pydantic\typing.py", line 528, in update_field_forward_refs
    field.type_ = evaluate_forwardref(field.type_, globalns, localns or None)
                  ~~~~~~~~~~~~~~~~~~~^^^^^^^^^^^^^^^^^^^^^^^^^^^^^^^^^^^^^^^^
  File "C:\Users\GIGABYTE\AppData\Local\Programs\Python\Python313\Lib\site-pac
kages\pydantic\typing.py", line 66, in evaluate_forwardref
    return cast(Any, type_)._evaluate(globalns, localns, set())
           ~~~~~~~~~~~~~~~~~~~~~~~~~~^^^^^^^^^^^^^^^^^^^^^^^^^^
TypeError: ForwardRef._evaluate() missing 1 required keyword-only argument: 
'recursive_guard'
